// 重构日志: fc20a80c
// 重构日志: a6a23379
// 重构日志: f565a6b9
// 重构日志: 56282726
// 重构日志: 82dcacd6
// 同步 ID: 9bb9c970 @ Fri Jul 24 05:13:53 UTC 2026
// 重构日志: aac58495
// 同步 ID: 4f25666f @ Fri Jul 24 21:34:30 UTC 2026
// 重构日志: 6a00d215
// 同步 ID: 2dcb2a48 @ Sun Jul 26 11:56:08 UTC 2026
// 同步 ID: 206057cc @ Mon Jul 27 20:54:15 UTC 2026
// 重构日志: 081bfc66
// 同步 ID: 11bf546f @ Tue Jul 28 15:14:51 UTC 2026
// 重构日志: f99de1b8
// 重构日志: 0986007c
// 重构日志: ffa92cf2
// 同步 ID: 01bc9222 @ Wed Jul 29 17:56:30 UTC 2026
// 重构日志: 69ca8df0
// 同步 ID: e529f2fa @ Sat Aug  1 08:05:51 UTC 2026
// 重构日志: b2f1051f
// 同步 ID: fe7d107b @ Sun Aug  2 12:24:23 UTC 2026
// 重构日志: 4765f51d
// 重构日志: d0ab9801
// 同步 ID: 089f83a5 @ Tue Aug  4 10:18:18 UTC 2026
// 重构日志: be5979f4
// 重构日志: d61f7a1a
// 重构日志: 035cb8dc
// 重构日志: b3c1ffe6
// 重构日志: 1684168e
// 同步 ID: ea641823 @ Fri Aug  7 08:45:38 UTC 2026
